✔ Solar body geometry is stable across expedition seeds and retains local floor routes beside relief (9678.833ms)
ℹ earth: 1040 sampled nodes, 178 connected floor nodes, 265 raised nodes
ℹ moon: 1028 sampled nodes, 598 connected floor nodes, 142 raised nodes
ℹ mercury: 1030 sampled nodes, 513 connected floor nodes, 216 raised nodes
ℹ mars: 1038 sampled nodes, 42 connected floor nodes, 600 raised nodes
ℹ venus: 1097 sampled nodes, 670 connected floor nodes, 122 raised nodes
ℹ jupiter: 1015 sampled nodes, 679 connected floor nodes, 60 raised nodes
ℹ saturn: 1049 sampled nodes, 637 connected floor nodes, 50 raised nodes
ℹ uranus: 1049 sampled nodes, 781 connected floor nodes, 77 raised nodes
ℹ neptune: 999 sampled nodes, 531 connected floor nodes, 118 raised nodes
ℹ titan: 1045 sampled nodes, 537 connected floor nodes, 157 raised nodes
ℹ europa: 1081 sampled nodes, 435 connected floor nodes, 48 raised nodes
ℹ ganymede: 993 sampled nodes, 574 connected floor nodes, 76 raised nodes
ℹ triton: 1021 sampled nodes, 163 connected floor nodes, 163 raised nodes
ℹ io: 1035 sampled nodes, 415 connected floor nodes, 414 raised nodes
ℹ callisto: 1026 sampled nodes, 202 connected floor nodes, 178 raised nodes
ℹ pluto: 1073 sampled nodes, 474 connected floor nodes, 77 raised nodes
ℹ tests 1
ℹ suites 0
ℹ pass 1
ℹ fail 0
ℹ cancelled 0
ℹ skipped 0
ℹ todo 0
ℹ duration_ms 10026.0899
